============================================================
  Skill Self-Iteration Pipeline
  Language: zh
  Target score: 4.67
  Max rounds: 2
  Sample size: all
============================================================


────────────────────────────────────────
  Round 1/2
────────────────────────────────────────

[Round 1] Step 1: Evaluate...
[Evaluate] Model: mco-4
[Evaluate] 100 cases to evaluate...
  [1/100] 鳌烨105: 4.8
  [2/100] 鳌烨104: 5.0
  [3/100] 鳌烨102: 5.0
  [4/100] 鳌烨103: 4.8
  [5/100] 鳌烨101: 4.4
  [6/100] 鳌烨106: 4.6
  [7/100] 鳌烨107: 5.0
  [8/100] 鳌烨110: 5.0
  [9/100] 鳌烨108: 5.0
  [10/100] 鳌烨109: 4.8
  [11/100] 鳌烨113: 5.0
  [12/100] 鳌烨115: 5.0
  [13/100] 鳌烨114: 5.0
  [14/100] 鳌烨111: 4.6
  [15/100] 鳌烨112: 4.4
  [16/100] 鳌烨116: 5.0
  [17/100] 鳌烨119: 5.0
  [18/100] 鳌烨120: 4.6
  [19/100] 鳌烨117: 4.8
  [20/100] 鳌烨118: 5.0
  [21/100] 鳌烨124: 5.0
  [22/100] 鳌烨121: 5.0
  [23/100] 鳌烨122: 5.0
  [24/100] 鳌烨123: 4.4
  [25/100] 鳌烨125: 4.8
  [26/100] 鳌烨127: 4.4
  [27/100] 鳌烨126: 5.0
  [28/100] 鳌烨128: 4.4
  [29/100] 鳌烨129: 5.0
  [30/100] 鳌烨130: 4.4
  [31/100] 鳌烨131: 4.6
  [32/100] 鳌烨132: 4.8
  [33/100] 鳌烨134: 5.0
  [34/100] 鳌烨133: 4.8
  [35/100] 鳌烨135: 4.6
  [36/100] 鳌烨136: 5.0
  [37/100] 鳌烨137: 4.8
  [38/100] 鳌烨139: 4.0
  [39/100] 鳌烨140: 4.8
  [40/100] 鳌烨138: 5.0
  [41/100] 鳌烨141: 5.0
  [42/100] 鳌烨142: 5.0
  [43/100] 鳌烨144: 4.6
  [44/100] 鳌烨143: 5.0
  [45/100] 鳌烨145: 4.8
  [46/100] 鳌烨146: 5.0
  [47/100] 鳌烨147: 5.0
  [48/100] 鳌烨148: 5.0
  [49/100] 鳌烨149: 4.6
  [50/100] 鳌烨150: 4.8
  [51/100] 鳌烨151: 5.0
  [52/100] 鳌烨152: 4.8
  [53/100] 鳌烨153: 4.0
  [54/100] 鳌烨154: 5.0
  [55/100] 鳌烨155: 4.8
  [56/100] 鳌烨157: 5.0
  [57/100] 鳌烨156: 4.8
  [58/100] 鳌烨158: 4.0
  [59/100] 鳌烨159: 5.0
  [60/100] 鳌烨161: 4.4
  [61/100] 鳌烨160: 5.0
  [62/100] 鳌烨162: 5.0
  [63/100] 鳌烨163: 4.4
  [64/100] 鳌烨164: 4.0
  [65/100] 鳌烨165: 5.0
  [66/100] 鳌烨167: 4.8
  [67/100] 鳌烨166: 4.0
  [68/100] 鳌烨168: 4.8
  [69/100] 鳌烨169: 4.8
  [70/100] 鳌烨170: 4.4
  [71/100] 鳌烨171: 4.8
  [72/100] 鳌烨172: 4.0
  [73/100] 鳌烨173: 4.8
  [74/100] 鳌烨177: 4.8
  [75/100] 鳌烨176: 4.4
  [76/100] 鳌烨175: 4.2
  [77/100] 鳌烨174: 4.4
  [78/100] 鳌烨178: 5.0
  [79/100] 鳌烨180: 5.0
  [80/100] 鳌烨179: 4.6
  [81/100] 鳌烨182: 4.8
  [82/100] 鳌烨181: 4.4
  [83/100] 鳌烨184: 3.6
  [84/100] 鳌烨186: ERROR - Error code: 401 - {'error': {'code': '', 'message': 'Invalid token (request id: 202606141027274930876978268d9d6vZX8Fa9T)', 'type': 'new_api_error'}}
  [85/100] 鳌烨189: ERROR - Error code: 401 - {'error': {'code': '', 'message': 'Invalid token (request id: 202606141027297415204788268d9d6sHexGKj9)', 'type': 'new_api_error'}}
  [86/100] 鳌烨188: ERROR - Error code: 401 - {'error': {'code': '', 'message': 'Invalid token (request id: 202606141027308409777148268d9d6NvN4ubrE)', 'type': 'new_api_error'}}
  [87/100] 鳌烨183: 4.2
  [88/100] 鳌烨190: ERROR - Error code: 401 - {'error': {'code': '', 'message': 'Invalid token (request id: 202606141027336084495358268d9d6iKbnShGZ)', 'type': 'new_api_error'}}
  [89/100] 鳌烨191: ERROR - Error code: 401 - {'error': {'code': '', 'message': 'Invalid token (request id: 202606141027341123220928268d9d6BQYSMcSB)', 'type': 'new_api_error'}}
  [90/100] 鳌烨185: ERROR - Error code: 401 - {'error': {'code': '', 'message': 'Invalid token (request id: 202606141027354127102738268d9d6s6QDE19z)', 'type': 'new_api_error'}}
  [91/100] 鳌烨192: ERROR - Error code: 401 - {'error': {'code': '', 'message': 'Invalid token (request id: 202606141027362886929578268d9d6hybydMDY)', 'type': 'new_api_error'}}
  [92/100] 鳌烨194: ERROR - Error code: 401 - {'error': {'code': '', 'message': 'Invalid token (request id: 202606141027363511367628268d9d6zT3CKoXs)', 'type': 'new_api_error'}}
  [93/100] 鳌烨193: ERROR - Error code: 401 - {'error': {'code': '', 'message': 'Invalid token (request id: 202606141027372697765638268d9d6bSxuvn7D)', 'type': 'new_api_error'}}
  [94/100] 鳌烨187: ERROR - Error code: 401 - {'error': {'code': '', 'message': 'Invalid token (request id: 202606141027374418367808268d9d6xwPojtbi)', 'type': 'new_api_error'}}
  [95/100] 鳌烨195: ERROR - Error code: 401 - {'error': {'code': '', 'message': 'Invalid token (request id: 202606141027383466138188268d9d6Y3Km6LBi)', 'type': 'new_api_error'}}
  [96/100] 鳌烨196: ERROR - Error code: 401 - {'error': {'code': '', 'message': 'Invalid token (request id: 202606141027386100187908268d9d6OH0SRb8l)', 'type': 'new_api_error'}}
  [97/100] 鳌烨197: ERROR - Error code: 401 - {'error': {'code': '', 'message': 'Invalid token (request id: 202606141027387784091428268d9d6k1MlmOtc)', 'type': 'new_api_error'}}
  [98/100] 鳌烨199: ERROR - Error code: 401 - {'error': {'code': '', 'message': 'Invalid token (request id: 202606141027397558628278268d9d6AQN9BMsz)', 'type': 'new_api_error'}}
  [99/100] 鳌烨198: ERROR - Error code: 401 - {'error': {'code': '', 'message': 'Invalid token (request id: 202606141027401081843348268d9d62ZA37VQR)', 'type': 'new_api_error'}}
  [100/100] 鳌烨200: ERROR - Error code: 401 - {'error': {'code': '', 'message': 'Invalid token (request id: 202606141027418871399308268d9d61Ouzr5sN)', 'type': 'new_api_error'}}

[Evaluate] Overall: 4.72
  conflict_insight: 4.65
  strategy_direction: 4.49
  logic_depth: 4.95
  persona_read: 4.5
  actionability: 5.0

[Round 1] Score: 4.72/5.0

✅ Target score reached (4.72 >= 4.67). Stopping.

============================================================
  Iteration Complete
============================================================
  Rounds: 1
  Score trajectory: 4.72
  Final score: 4.72/5.0

  Summary: /data/qwang/q/thalia/agentic_hackson/agent/matchmaker/scripts/iteration_history/summary_20260614_100427.json
